#-----------------------------------------------------------
# Vivado v2024.1 (64-bit)
# SW Build 5076996 on Wed May 22 18:36:09 MDT 2024
# IP Build 5075265 on Wed May 22 21:45:21 MDT 2024
# SharedData Build 5076995 on Wed May 22 18:29:18 MDT 2024
# Start of session at: Fri Sep 27 17:52:39 2024
# Process ID: 437637
# Current directory: /home/jwoolston/serv_latest_workspace/build/servant_1.3.0/zcu106-vivado/servant_1.3.0.runs/impl_1
# Command line: vivado -log servus.vdi -applog -product Vivado -messageDb vivado.pb -mode batch -source servus.tcl -notrace
# Log file: /home/jwoolston/serv_latest_workspace/build/servant_1.3.0/zcu106-vivado/servant_1.3.0.runs/impl_1/servus.vdi
# Journal file: /home/jwoolston/serv_latest_workspace/build/servant_1.3.0/zcu106-vivado/servant_1.3.0.runs/impl_1/vivado.jou
# Running On        :DESKTOP-8CFAEH8
# Platform          :Ubuntu
# Operating System  :Ubuntu 22.04.5 LTS
# Processor Detail  :AMD Ryzen 9 9900X 12-Core Processor
# CPU Frequency     :4391.660 MHz
# CPU Physical cores:12
# CPU Logical cores :24
# Host memory       :32406 MB
# Swap memory       :8589 MB
# Total Virtual     :40996 MB
# Available Virtual :38988 MB
#-----------------------------------------------------------
source servus.tcl -notrace
